#-----------------------------------------------------------
# Vivado v2025.2 (64-bit)
# SW Build 6299465 on Fri Nov 14 19:35:11 GMT 2025
# IP Build 6300035 on Fri Nov 14 10:48:45 MST 2025
# SharedData Build 6298862 on Thu Nov 13 04:50:51 MST 2025
# Start of session at: Thu Apr 30 15:10:18 2026
# Process ID         : 19076
# Current directory  : D:/vivado/throughput_zybo/throughput_zybo.runs/synth_1
# Command line       : vivado.exe -log throughput_bench_top.vds -product Vivado -mode batch -messageDb vivado.pb -notrace -source throughput_bench_top.tcl
# Log file           : D:/vivado/throughput_zybo/throughput_zybo.runs/synth_1/throughput_bench_top.vds
# Journal file       : D:/vivado/throughput_zybo/throughput_zybo.runs/synth_1\vivado.jou
# Running On         : Manjula
# Platform           : Windows Server 2016 or Windows 10
# Operating System   : 26200
# Processor Detail   : 11th Gen Intel(R) Core(TM) i7-1165G7 @ 2.80GHz
# CPU Frequency      : 1690 MHz
# CPU Physical cores : 4
# CPU Logical cores  : 8
# Host memory        : 16893 MB
# Swap memory        : 14495 MB
# Total Virtual      : 31388 MB
# Available Virtual  : 12112 MB
#-----------------------------------------------------------
source throughput_bench_top.tcl -notrace
