

================================================================
== Synthesis Summary Report of 'convEncoder_Seq'
================================================================
+ General Information: 
    * Date:           Wed Mar 18 16:04:40 2026
    * Version:        2025.2 (Build 6295257 on Nov 12 2025)
    * Project:        convEncoder
    * Solution:       hls (Vivado IP Flow Target)
    * Product family: kintexuplus
    * Target device:  xcku5p-ffvb676-2-e
    

* Performance & Resource Estimates: 
+---------------------------------------------+------+---------------+----------+---------+------+----------+---------+---------+------+------+----+-----------+-----------+-----+
|                   Modules                   | Issue|               | Iteration|         | Trip |          |      Latency      |      |      |    |           |           |     |
|                   & Loops                   | Type | Violation Type|  Latency | Interval| Count| Pipelined| (cycles)|   (ns)  | Slack| BRAM | DSP|     FF    |    LUT    | URAM|
+---------------------------------------------+------+---------------+----------+---------+------+----------+---------+---------+------+------+----+-----------+-----------+-----+
|+ convEncoder_Seq                            |     -|              -|         -|       38|     -|        no|       37|  370.000|  5.28|     -|   -|  156 (~0%)|  247 (~0%)|    -|
| + convEncoder_Seq_Pipeline_VITIS_LOOP_40_1  |     -|              -|         -|        -|     -|       yes|       34|  340.000|  5.28|     -|   -|   79 (~0%)|  169 (~0%)|    -|
|  o VITIS_LOOP_40_1                          |     -|              -|         1|        1|    32|       yes|       32|  320.000|  7.30|     -|   -|          -|          -|    -|
+---------------------------------------------+------+---------------+----------+---------+------+----------+---------+---------+------+------+----+-----------+-----------+-----+
    Name Prefix: '+' for module, 'o' for loop, '*' for dataflow


================================================================
== HW Interfaces
================================================================
* AXIS
+-----------+-----------+---------------+-------+-------+-------+--------+-------+--------+
| Interface | Direction | Register Mode | TDATA | TKEEP | TLAST | TREADY | TSTRB | TVALID |
+-----------+-----------+---------------+-------+-------+-------+--------+-------+--------+
| m_axis    | out       | off           | 32    | 4     | 1     | 1      | 4     | 1      |
| s_axis    | in        | off           | 32    | 4     | 1     | 1      | 4     | 1      |
+-----------+-----------+---------------+-------+-------+-------+--------+-------+--------+

* TOP LEVEL CONTROL
+-----------+------------+-----------------------------------+
| Interface | Type       | Ports                             |
+-----------+------------+-----------------------------------+
| ap_clk    | clock      | ap_clk                            |
| ap_rst_n  | reset      | ap_rst_n                          |
| ap_ctrl   | ap_ctrl_hs | ap_done ap_idle ap_ready ap_start |
+-----------+------------+-----------------------------------+


================================================================
== SW I/O Information
================================================================
* Top Function Arguments
+----------+-----------+------------------------------------------------------------------------------+
| Argument | Direction | Datatype                                                                     |
+----------+-----------+------------------------------------------------------------------------------+
| s_axis   | in        | stream<hls::axis<ap_uint<32>, 0UL, 0UL, 0UL, (unsigned char)'8', false>, 0>& |
| m_axis   | out       | stream<hls::axis<ap_uint<32>, 0UL, 0UL, 0UL, (unsigned char)'8', false>, 0>& |
+----------+-----------+------------------------------------------------------------------------------+

* SW-to-HW Mapping
+----------+--------------+-----------+
| Argument | HW Interface | HW Type   |
+----------+--------------+-----------+
| s_axis   | s_axis       | interface |
| m_axis   | m_axis       | interface |
+----------+--------------+-----------+


================================================================
== Bind Op Report
================================================================
+---------------------------------------------+-----+--------+------------+-----------+--------+---------+
| Name                                        | DSP | Pragma | Variable   | Op        | Impl   | Latency |
+---------------------------------------------+-----+--------+------------+-----------+--------+---------+
| + convEncoder_Seq                           | 0   |        |            |           |        |         |
|  + convEncoder_Seq_Pipeline_VITIS_LOOP_40_1 | 0   |        |            |           |        |         |
|    icmp_ln40_fu_114_p2                      |     |        | icmp_ln40  | seteq     | auto   | 0       |
|    i_2_fu_120_p2                            |     |        | i_2        | add       | fabric | 0       |
|    bitselect_1ns_32ns_5ns_1_1_1_U1          |     |        | bit        | bitselect | auto   | 0       |
|    xor_ln10_fu_171_p2                       |     |        | xor_ln10   | xor       | auto   | 0       |
|    xor_ln10_1_fu_177_p2                     |     |        | xor_ln10_1 | xor       | auto   | 0       |
|    xor_ln10_2_fu_183_p2                     |     |        | xor_ln10_2 | xor       | auto   | 0       |
|    g1_fu_189_p2                             |     |        | g1         | xor       | auto   | 0       |
|    xor_ln11_fu_203_p2                       |     |        | xor_ln11   | xor       | auto   | 0       |
|    xor_ln11_1_fu_209_p2                     |     |        | xor_ln11_1 | xor       | auto   | 0       |
|    g2_fu_215_p2                             |     |        | g2         | xor       | auto   | 0       |
|    partset_64ns_64ns_2ns_6ns_64_1_1_U2      |     |        | encoded_1  | partset   | auto   | 0       |
+---------------------------------------------+-----+--------+------------+-----------+--------+---------+


================================================================
== Storage Report
================================================================
  No bind storage info in design

================================================================
== Pragma Report
================================================================
* Inferred Pragmas
+----------+---------+----------------------------------------------------------------------------------------------+-------------------------------+
| Type     | Options | Location                                                                                     | Inferred From                 |
+----------+---------+----------------------------------------------------------------------------------------------+-------------------------------+
| PIPELINE |         | loop VITIS_LOOP_40_1 (convEncoder_Seq.cpp:40:26) in convencoder_seq (convEncoder_Seq.cpp:40) | syn.compile.pipeline_loops=64 |
+----------+---------+----------------------------------------------------------------------------------------------+-------------------------------+

* Valid Pragma Syntax
+-----------+------------------------------------+---------------------------------------------+
| Type      | Options                            | Location                                    |
+-----------+------------------------------------+---------------------------------------------+
| INLINE    |                                    | in encode (convEncoder_Seq.cpp:9)           |
| INTERFACE | axis port=s_axis register_mode=off | in convencoder_seq (convEncoder_Seq.cpp:22) |
| INTERFACE | axis port=m_axis register_mode=off | in convencoder_seq (convEncoder_Seq.cpp:23) |
+-----------+------------------------------------+---------------------------------------------+


