#-----------------------------------------------------------
# Vivado v2025.2 (64-bit)
# SW Build 6299465 on Fri Nov 14 19:35:11 GMT 2025
# IP Build 6300035 on Fri Nov 14 10:48:45 MST 2025
# SharedData Build 6298862 on Thu Nov 13 04:50:51 MST 2025
# Start of session at: Wed Mar 18 16:06:58 2026
# Process ID         : 19724
# Current directory  : D:/Vitis_HLS/gmskModem/convEncoder/convEncoder/hls/impl/verilog
# Command line       : vivado.exe -mode batch -source run_vivado.tcl
# Log file           : D:/Vitis_HLS/gmskModem/convEncoder/convEncoder/hls/impl/verilog/vivado.log
# Journal file       : D:/Vitis_HLS/gmskModem/convEncoder/convEncoder/hls/impl/verilog\vivado.jou
# Running On         : Dulina
# Platform           : Windows Server 2016 or Windows 10
# Operating System   : 26200
# Processor Detail   : 11th Gen Intel(R) Core(TM) i7-1165G7 @ 2.80GHz
# CPU Frequency      : 1690 MHz
# CPU Physical cores : 4
# CPU Logical cores  : 8
# Host memory        : 16893 MB
# Swap memory        : 5905 MB
# Total Virtual      : 22798 MB
# Available Virtual  : 2685 MB
#-----------------------------------------------------------
source run_vivado.tcl
