

================================================================
== Vitis HLS Report for 'convEncoder_Seq_Pipeline_VITIS_LOOP_40_1'
================================================================
* Date:           Wed Mar 18 16:04:40 2026

* Version:        2025.2 (Build 6295257 on Nov 12 2025)
* Project:        convEncoder
* Solution:       hls (Vivado IP Flow Target)
* Product family: kintexuplus
* Target device:  xcku5p-ffvb676-2-e


================================================================
== Performance Estimates
================================================================
+ Timing: 
    * Summary: 
    +--------+----------+----------+------------+
    |  Clock |  Target  | Estimated| Uncertainty|
    +--------+----------+----------+------------+
    |ap_clk  |  10.00 ns|  2.018 ns|     2.70 ns|
    +--------+----------+----------+------------+

+ Latency: 
    * Summary: 
    +---------+---------+----------+----------+-----+-----+-------------------+
    |  Latency (cycles) |  Latency (absolute) |  Interval |      Pipeline     |
    |   min   |   max   |    min   |    max   | min | max |        Type       |
    +---------+---------+----------+----------+-----+-----+-------------------+
    |       34|       34|  0.340 us|  0.340 us|    0|    0|  loop pipeline stp|
    +---------+---------+----------+----------+-----+-----+-------------------+

    + Detail: 
        * Instance: 
        N/A

        * Loop: 
        +-------------------+---------+---------+----------+-----------+-----------+------+----------+
        |                   |  Latency (cycles) | Iteration|  Initiation Interval  | Trip |          |
        |     Loop Name     |   min   |   max   |  Latency |  achieved |   target  | Count| Pipelined|
        +-------------------+---------+---------+----------+-----------+-----------+------+----------+
        |- VITIS_LOOP_40_1  |       32|       32|         1|          1|          1|    32|       yes|
        +-------------------+---------+---------+----------+-----------+-----------+------+----------+



================================================================
== Utilization Estimates
================================================================
* Summary: 
+-----------------+---------+------+--------+--------+-----+
|       Name      | BRAM_18K|  DSP |   FF   |   LUT  | URAM|
+-----------------+---------+------+--------+--------+-----+
|DSP              |        -|     -|       -|       -|    -|
|Expression       |        -|     -|       0|      43|    -|
|FIFO             |        -|     -|       -|       -|    -|
|Instance         |        -|     -|       0|      81|    -|
|Memory           |        -|     -|       -|       -|    -|
|Multiplexer      |        -|     -|       0|      45|    -|
|Register         |        -|     -|      79|       -|    -|
+-----------------+---------+------+--------+--------+-----+
|Total            |        0|     0|      79|     169|    0|
+-----------------+---------+------+--------+--------+-----+
|Available        |      960|  1824|  433920|  216960|   64|
+-----------------+---------+------+--------+--------+-----+
|Utilization (%)  |        0|     0|      ~0|      ~0|    0|
+-----------------+---------+------+--------+--------+-----+

+ Detail: 
    * Instance: 
    +-------------------------------------+----------------------------------+---------+----+---+----+-----+
    |               Instance              |              Module              | BRAM_18K| DSP| FF| LUT| URAM|
    +-------------------------------------+----------------------------------+---------+----+---+----+-----+
    |bitselect_1ns_32ns_5ns_1_1_1_U1      |bitselect_1ns_32ns_5ns_1_1_1      |        0|   0|  0|   9|    0|
    |partset_64ns_64ns_2ns_6ns_64_1_1_U2  |partset_64ns_64ns_2ns_6ns_64_1_1  |        0|   0|  0|  72|    0|
    +-------------------------------------+----------------------------------+---------+----+---+----+-----+
    |Total                                |                                  |        0|   0|  0|  81|    0|
    +-------------------------------------+----------------------------------+---------+----+---+----+-----+

    * DSP: 
    N/A

    * Memory: 
    N/A

    * FIFO: 
    N/A

    * Expression: 
    +----------------------+----------+----+---+----+------------+------------+
    |     Variable Name    | Operation| DSP| FF| LUT| Bitwidth P0| Bitwidth P1|
    +----------------------+----------+----+---+----+------------+------------+
    |i_2_fu_120_p2         |         +|   0|  0|  13|           6|           1|
    |icmp_ln40_fu_114_p2   |      icmp|   0|  0|  14|           6|           7|
    |ap_enable_pp0         |       xor|   0|  0|   2|           1|           2|
    |g1_fu_189_p2          |       xor|   0|  0|   2|           1|           1|
    |g2_fu_215_p2          |       xor|   0|  0|   2|           1|           1|
    |xor_ln10_1_fu_177_p2  |       xor|   0|  0|   2|           1|           1|
    |xor_ln10_2_fu_183_p2  |       xor|   0|  0|   2|           1|           1|
    |xor_ln10_fu_171_p2    |       xor|   0|  0|   2|           1|           1|
    |xor_ln11_1_fu_209_p2  |       xor|   0|  0|   2|           1|           1|
    |xor_ln11_fu_203_p2    |       xor|   0|  0|   2|           1|           1|
    +----------------------+----------+----+---+----+------------+------------+
    |Total                 |          |   0|  0|  43|          20|          17|
    +----------------------+----------+----+---+----+------------+------------+

    * Multiplexer: 
    +-------------------------+----+-----------+-----+-----------+
    |           Name          | LUT| Input Size| Bits| Total Bits|
    +-------------------------+----+-----------+-----+-----------+
    |ap_done_int              |   9|          2|    1|          2|
    |ap_enable_reg_pp0_iter1  |   9|          2|    1|          2|
    |empty_fu_66              |   9|          2|    6|         12|
    |encoded_fu_58            |   9|          2|   64|        128|
    |i_fu_62                  |   9|          2|    6|         12|
    +-------------------------+----+-----------+-----+-----------+
    |Total                    |  45|         10|   78|        156|
    +-------------------------+----+-----------+-----+-----------+

    * Register: 
    +-------------------------+----+----+-----+-----------+
    |           Name          | FF | LUT| Bits| Const Bits|
    +-------------------------+----+----+-----+-----------+
    |ap_CS_fsm                |   1|   0|    1|          0|
    |ap_done_reg              |   1|   0|    1|          0|
    |ap_enable_reg_pp0_iter1  |   1|   0|    1|          0|
    |empty_fu_66              |   6|   0|    6|          0|
    |encoded_fu_58            |  64|   0|   64|          0|
    |i_fu_62                  |   6|   0|    6|          0|
    +-------------------------+----+----+-----+-----------+
    |Total                    |  79|   0|   79|          0|
    +-------------------------+----+----+-----+-----------+



================================================================
== Interface
================================================================
* Summary: 
+--------------------+-----+-----+------------+------------------------------------------+--------------+
|      RTL Ports     | Dir | Bits|  Protocol  |               Source Object              |    C Type    |
+--------------------+-----+-----+------------+------------------------------------------+--------------+
|ap_clk              |   in|    1|  ap_ctrl_hs|  convEncoder_Seq_Pipeline_VITIS_LOOP_40_1|  return value|
|ap_rst              |   in|    1|  ap_ctrl_hs|  convEncoder_Seq_Pipeline_VITIS_LOOP_40_1|  return value|
|ap_start            |   in|    1|  ap_ctrl_hs|  convEncoder_Seq_Pipeline_VITIS_LOOP_40_1|  return value|
|ap_done             |  out|    1|  ap_ctrl_hs|  convEncoder_Seq_Pipeline_VITIS_LOOP_40_1|  return value|
|ap_idle             |  out|    1|  ap_ctrl_hs|  convEncoder_Seq_Pipeline_VITIS_LOOP_40_1|  return value|
|ap_ready            |  out|    1|  ap_ctrl_hs|  convEncoder_Seq_Pipeline_VITIS_LOOP_40_1|  return value|
|state_load          |   in|    6|     ap_none|                                state_load|        scalar|
|in_word_data        |   in|   32|     ap_none|                              in_word_data|        scalar|
|p_out               |  out|    6|      ap_vld|                                     p_out|       pointer|
|p_out_ap_vld        |  out|    1|      ap_vld|                                     p_out|       pointer|
|encoded_out         |  out|   64|      ap_vld|                               encoded_out|       pointer|
|encoded_out_ap_vld  |  out|    1|      ap_vld|                               encoded_out|       pointer|
+--------------------+-----+-----+------------+------------------------------------------+--------------+

