

================================================================
== Vitis HLS Report for 'convEncoder_Seq'
================================================================
* Date:           Wed Mar 18 16:04:40 2026

* Version:        2025.2 (Build 6295257 on Nov 12 2025)
* Project:        convEncoder
* Solution:       hls (Vivado IP Flow Target)
* Product family: kintexuplus
* Target device:  xcku5p-ffvb676-2-e


================================================================
== Performance Estimates
================================================================
+ Timing: 
    * Summary: 
    +--------+----------+----------+------------+
    |  Clock |  Target  | Estimated| Uncertainty|
    +--------+----------+----------+------------+
    |ap_clk  |  10.00 ns|  2.018 ns|     2.70 ns|
    +--------+----------+----------+------------+

+ Latency: 
    * Summary: 
    +---------+---------+-----------+----------+-----+-----+---------+
    |  Latency (cycles) |  Latency (absolute)  |  Interval | Pipeline|
    |   min   |   max   |    min    |    max   | min | max |   Type  |
    +---------+---------+-----------+----------+-----+-----+---------+
    |        1|       37|  10.000 ns|  0.370 us|    2|   38|       no|
    +---------+---------+-----------+----------+-----+-----+---------+

    + Detail: 
        * Instance: 
        +-----------------------------------------------------+------------------------------------------+---------+---------+----------+----------+-----+-----+-------------------+
        |                                                     |                                          |  Latency (cycles) |  Latency (absolute) |  Interval |      Pipeline     |
        |                       Instance                      |                  Module                  |   min   |   max   |    min   |    max   | min | max |        Type       |
        +-----------------------------------------------------+------------------------------------------+---------+---------+----------+----------+-----+-----+-------------------+
        |grp_convEncoder_Seq_Pipeline_VITIS_LOOP_40_1_fu_115  |convEncoder_Seq_Pipeline_VITIS_LOOP_40_1  |       34|       34|  0.340 us|  0.340 us|    0|    0|  loop pipeline stp|
        +-----------------------------------------------------+------------------------------------------+---------+---------+----------+----------+-----+-----+-------------------+

        * Loop: 
        N/A



================================================================
== Utilization Estimates
================================================================
* Summary: 
+-----------------+---------+------+--------+--------+-----+
|       Name      | BRAM_18K|  DSP |   FF   |   LUT  | URAM|
+-----------------+---------+------+--------+--------+-----+
|DSP              |        -|     -|       -|       -|    -|
|Expression       |        -|     -|       0|       6|    -|
|FIFO             |        -|     -|       -|       -|    -|
|Instance         |        -|     -|      79|     169|    -|
|Memory           |        -|     -|       -|       -|    -|
|Multiplexer      |        -|     -|       0|      72|    -|
|Register         |        -|     -|      77|       -|    -|
+-----------------+---------+------+--------+--------+-----+
|Total            |        0|     0|     156|     247|    0|
+-----------------+---------+------+--------+--------+-----+
|Available        |      960|  1824|  433920|  216960|   64|
+-----------------+---------+------+--------+--------+-----+
|Utilization (%)  |        0|     0|      ~0|      ~0|    0|
+-----------------+---------+------+--------+--------+-----+

+ Detail: 
    * Instance: 
    +-----------------------------------------------------+------------------------------------------+---------+----+----+-----+-----+
    |                       Instance                      |                  Module                  | BRAM_18K| DSP| FF | LUT | URAM|
    +-----------------------------------------------------+------------------------------------------+---------+----+----+-----+-----+
    |grp_convEncoder_Seq_Pipeline_VITIS_LOOP_40_1_fu_115  |convEncoder_Seq_Pipeline_VITIS_LOOP_40_1  |        0|   0|  79|  169|    0|
    +-----------------------------------------------------+------------------------------------------+---------+----+----+-----+-----+
    |Total                                                |                                          |        0|   0|  79|  169|    0|
    +-----------------------------------------------------+------------------------------------------+---------+----+----+-----+-----+

    * DSP: 
    N/A

    * Memory: 
    N/A

    * FIFO: 
    N/A

    * Expression: 
    +------------------------+----------+----+---+----+------------+------------+
    |      Variable Name     | Operation| DSP| FF| LUT| Bitwidth P0| Bitwidth P1|
    +------------------------+----------+----+---+----+------------+------------+
    |ap_block_state4         |       and|   0|  0|   2|           1|           1|
    |tmp_nbreadreq_fu_70_p6  |       and|   0|  0|   2|           1|           0|
    |ap_block_state1         |        or|   0|  0|   2|           1|           1|
    +------------------------+----------+----+---+----+------------+------------+
    |Total                   |          |   0|  0|   6|           3|           2|
    +------------------------+----------+----+---+----+------------+------------+

    * Multiplexer: 
    +--------------------+----+-----------+-----+-----------+
    |        Name        | LUT| Input Size| Bits| Total Bits|
    +--------------------+----+-----------+-----+-----------+
    |ap_NS_fsm           |  26|          5|    1|          5|
    |m_axis_TDATA        |  14|          3|   32|         96|
    |m_axis_TDATA_blk_n  |   9|          2|    1|          2|
    |m_axis_TLAST        |  14|          3|    1|          3|
    |s_axis_TDATA_blk_n  |   9|          2|    1|          2|
    +--------------------+----+-----------+-----+-----------+
    |Total               |  72|         15|   36|        108|
    +--------------------+----+-----------+-----+-----------+

    * Register: 
    +------------------------------------------------------------------+----+----+-----+-----------+
    |                               Name                               | FF | LUT| Bits| Const Bits|
    +------------------------------------------------------------------+----+----+-----+-----------+
    |ap_CS_fsm                                                         |   4|   0|    4|          0|
    |grp_convEncoder_Seq_Pipeline_VITIS_LOOP_40_1_fu_115_ap_start_reg  |   1|   0|    1|          0|
    |in_word_data_reg_178                                              |  32|   0|   32|          0|
    |in_word_last_reg_183                                              |   1|   0|    1|          0|
    |p_s_reg_191                                                       |  32|   0|   32|          0|
    |state                                                             |   6|   0|    6|          0|
    |tmp_reg_174                                                       |   1|   0|    1|          0|
    +------------------------------------------------------------------+----+----+-----+-----------+
    |Total                                                             |  77|   0|   77|          0|
    +------------------------------------------------------------------+----+----+-----+-----------+



================================================================
== Interface
================================================================
* Summary: 
+---------------+-----+-----+------------+-----------------+--------------+
|   RTL Ports   | Dir | Bits|  Protocol  |  Source Object  |    C Type    |
+---------------+-----+-----+------------+-----------------+--------------+
|ap_clk         |   in|    1|  ap_ctrl_hs|  convEncoder_Seq|  return value|
|ap_rst_n       |   in|    1|  ap_ctrl_hs|  convEncoder_Seq|  return value|
|ap_start       |   in|    1|  ap_ctrl_hs|  convEncoder_Seq|  return value|
|ap_done        |  out|    1|  ap_ctrl_hs|  convEncoder_Seq|  return value|
|ap_idle        |  out|    1|  ap_ctrl_hs|  convEncoder_Seq|  return value|
|ap_ready       |  out|    1|  ap_ctrl_hs|  convEncoder_Seq|  return value|
|s_axis_TDATA   |   in|   32|        axis|  s_axis_V_data_V|       pointer|
|s_axis_TVALID  |   in|    1|        axis|  s_axis_V_data_V|       pointer|
|s_axis_TREADY  |  out|    1|        axis|  s_axis_V_last_V|       pointer|
|s_axis_TLAST   |   in|    1|        axis|  s_axis_V_last_V|       pointer|
|s_axis_TKEEP   |   in|    4|        axis|  s_axis_V_keep_V|       pointer|
|s_axis_TSTRB   |   in|    4|        axis|  s_axis_V_strb_V|       pointer|
|m_axis_TDATA   |  out|   32|        axis|  m_axis_V_data_V|       pointer|
|m_axis_TREADY  |   in|    1|        axis|  m_axis_V_data_V|       pointer|
|m_axis_TVALID  |  out|    1|        axis|  m_axis_V_last_V|       pointer|
|m_axis_TLAST   |  out|    1|        axis|  m_axis_V_last_V|       pointer|
|m_axis_TKEEP   |  out|    4|        axis|  m_axis_V_keep_V|       pointer|
|m_axis_TSTRB   |  out|    4|        axis|  m_axis_V_strb_V|       pointer|
+---------------+-----+-----+------------+-----------------+--------------+

